RUNTIME ERROR: Max stack frames exceeded.
	error.recursive_object_non_term.jsonnet:20:44-50	object <anonymous>
	error.recursive_object_non_term.jsonnet:20:44-50	object <anonymous>
	error.recursive_object_non_term.jsonnet:20:44-50	object <anonymous>
	error.recursive_object_non_term.jsonnet:20:44-50	object <anonymous>
	error.recursive_object_non_term.jsonnet:20:44-50	object <anonymous>
	error.recursive_object_non_term.jsonnet:20:44-50	object <anonymous>
	error.recursive_object_non_term.jsonnet:20:44-50	object <anonymous>
	error.recursive_object_non_term.jsonnet:20:44-50	object <anonymous>
	error.recursive_object_non_term.jsonnet:20:44-50	object <anonymous>
	error.recursive_object_non_term.jsonnet:20:44-50	object <anonymous>
	...
	error.recursive_object_non_term.jsonnet:20:35-54	object <Fib>
	error.recursive_object_non_term.jsonnet:20:35-54	object <Fib>
	error.recursive_object_non_term.jsonnet:20:35-54	object <Fib>
	error.recursive_object_non_term.jsonnet:20:35-54	object <Fib>
	error.recursive_object_non_term.jsonnet:20:35-54	object <Fib>
	error.recursive_object_non_term.jsonnet:20:35-54	object <Fib>
	error.recursive_object_non_term.jsonnet:20:35-54	object <Fib>
	error.recursive_object_non_term.jsonnet:20:35-54	object <Fib>
	error.recursive_object_non_term.jsonnet:20:35-54	object <Fib>
	error.recursive_object_non_term.jsonnet:23:1-15	
